[doodlemaker.com/go/index.html]
[backblue.gif]
[fade.gif]
[index.html]
[doodlemaker.com/go/stylev2.css]
[ajax.googleapis.com/ajax/libs/jquery/3.3.1/jquery.min.js]
[videoplayerapp.net/assets/js/video-player/lottie/lottie_svg.min.js]
[videoplayerapp.net/assets/js/video-player/videoplayerapp.min5987.js]
[pixel.thoughtmetric.io/tmpixel.mina18a.js]
[snap.licdn.com/li.lms-analytics/insight.min.js]
[connect.facebook.net/en_US/fbevents.js]
[bat.bing.com/bat.js]
[cdn.optinly.net/v1/optinly.js]
[analytics.tiktok.com/i18n/pixel/events.js]
[doodlemaker.com/go/images/doodle-maker-logo-main.png]
[doodlemaker.com/go/images/hm-icn-7_03.png]
[doodlemaker.com/go/images/hm-icn-8_03.png]
[doodlemaker.com/go/images/hm-icn-9_03.png]
[doodlemaker.com/go/images/hm-icn-10_03.png]
[doodlemaker.com/go/images/hm-icn-11_03.png]
[doodlemaker.com/go/images/hm-icn-12_03.png]
[doodlemaker.com/go/images/hm-icn-1_03.png]
[doodlemaker.com/go/images/hm-icn-2_03.png]
[doodlemaker.com/go/images/hm-icn-3_03.png]
[doodlemaker.com/go/images/hm-icn-4_03.png]
[doodlemaker.com/go/images/hm-icn-5_03.png]
[doodlemaker.com/go/images/hm-icn-6_03.png]
[doodlemaker.com/go/images/DMS_5_14.png]
[doodlemaker.com/go/images/DMS_5_06-15.png]
[doodlemaker.com/go/images/DMS_5_16.png]
[doodlemaker.com/go/images/DMS_5_17.png]
[doodlemaker.com/go/images/white-gurrantee-img_03.png]
[doodlemaker.com/go/images/card-2_new_01.png]
[doodlemaker.com/go/images/card-2_new_02.png]
[doodlemaker.com/go/images/drastically-1.png]
[doodlemaker.com/go/images/drastically-2.png]
[doodlemaker.com/go/images/drastically-3.png]
[doodlemaker.com/go/images/drastically-4.png]
[doodlemaker.com/go/images/x-button.png]
[doodlemaker.com/go/images/doodle-gif.gif]
[doodlemaker.com/go/images/DMS_145_03.png]
[doodlemaker.com/go/images/DMS_146_03.png]
[doodlemaker.com/go/images/DMS_147_03.png]
[doodlemaker.com/go/images/intelligence-img-1.png]
[doodlemaker.com/go/images/multilingual-img.png]
[doodlemaker.com/go/images/intelligence-img-3.png]
[doodlemaker.com/go/images/intelligence-img-4.png]
[doodlemaker.com/go/images/DMS_36_03.png]
[doodlemaker.com/go/images/DMS_240_03.png]
[doodlemaker.com/go/images/DMS_39_03.png]
[doodlemaker.com/go/images/DMS_246_03.png]
[doodlemaker.com/go/images/DMS_245_03.png]
[doodlemaker.com/go/images/DMS_247_03.png]
[doodlemaker.com/go/images/DMS_250_03.png]
[doodlemaker.com/go/images/DMS_248_03.png]
[doodlemaker.com/go/images/DMS_251_03.png]
[doodlemaker.com/go/images/DMS_249_03.png]
[doodlemaker.com/go/images/tick.png]
[doodlemaker.com/go/images/pen-screen_03.png]
[doodlemaker.com/go/images/DMS_258_03.png]
[doodlemaker.com/go/images/DMS_257_03.png]
[doodlemaker.com/go/images/DMS_259_03.png]
[doodlemaker.com/go/images/DMS_259_01_03.png]
[doodlemaker.com/go/images/DMS_260_03.png]
[doodlemaker.com/go/images/DMS_261_03.png]
[doodlemaker.com/go/images/DMS_262_03.png]
[doodlemaker.com/go/images/DMS_263_03.png]
[doodlemaker.com/go/images/DMS_264_03.png]
[doodlemaker.com/go/images/DMS_265_03.png]
[doodlemaker.com/go/images/DMS_266_03.png]
[doodlemaker.com/go/images/DMS_267_03.png]
[doodlemaker.com/go/images/DMS_268_03.png]
[doodlemaker.com/go/images/DMS_270_03.png]
[doodlemaker.com/go/images/DMS_2_03 (7).png]
[doodlemaker.com/go/images/DMS_2_03 (6).png]
[doodlemaker.com/go/images/DMS_2_03 (5).png]
[doodlemaker.com/go/images/appl_03.png]
[doodlemaker.com/go/images/DMS_2_03 (4).png]
[doodlemaker.com/go/images/DMS_2_03 (3).png]
[doodlemaker.com/go/images/aaa.png]
[doodlemaker.com/go/images/DMS_2_03 (2).png]
[doodlemaker.com/go/images/blue-gurrantee-img_03.png]
[doodlemaker.com/go/images/questn_03.png]
[doodlemaker.com/go/images/jjjjj_03.png]
[doodlemaker.com/go/images/dms-1.png]
[doodlemaker.com/go/images/dms-2.png]
[doodlemaker.com/go/images/dms-3.png]
[doodlemaker.com/go/images/blackboard.png]
[doodlemaker.com/go/images/blue-tick.png]
[doodlemaker.com/go/images/sound-1.png]
[doodlemaker.com/go/images/sound-2.png]
[doodlemaker.com/go/images/sound-3.png]
[doodlemaker.com/go/images/pc-1.png]
[doodlemaker.com/go/images/pc-2.png]
[doodlemaker.com/go/images/pc-3.png]
[doodlemaker.com/go/images/laotop-img.png]
[doodlemaker.com/go/images/laotop-img-2.png]
[doodlemaker.com/go/images/laotop-img-3.png]
[doodlemaker.com/go/images/laotop-img-4.png]
[doodlemaker.com/go/images/laotop-img-5.png]
[doodlemaker.com/go/images/laotop-img-6.png]
[doodlemaker.com/go/images/laptop-img-1.png]
[doodlemaker.com/go/images/laptop-img-3.png]
[doodlemaker.com/go/images/laptop-img-5.png]
[doodlemaker.com/go/images/laptop-img-6.png]
[doodlemaker.com/go/images/recap-1.png]
[doodlemaker.com/go/images/recap-2.png]
[doodlemaker.com/go/images/recap-3.png]
[doodlemaker.com/go/images/recap-4.png]
[doodlemaker.com/go/images/recap-5.png]
[doodlemaker.com/go/images/recap-6.png]
[doodlemaker.com/go/images/recap-7.png]
[doodlemaker.com/go/images/recap-8.png]
[doodlemaker.com/go/images/recap-9.png]
[doodlemaker.com/go/images/recap-10.png]
[doodlemaker.com/go/images/recap-11.png]
[doodlemaker.com/go/images/recap-12.png]
[doodlemaker.com/go/images/recap-13.png]
[doodlemaker.com/go/images/recap-14.png]
[doodlemaker.com/go/images/recap-15.png]
[doodlemaker.com/go/images/recap-16.png]
[doodlemaker.com/go/images/recap-17.png]
[doodlemaker.com/go/images/recap-18.png]
[doodlemaker.com/go/images/recap-19.png]
[doodlemaker.com/go/images/recap-20.png]
[doodlemaker.com/go/images/recap-21.png]
[doodlemaker.com/go/images/recap-22.png]
[doodlemaker.com/go/images/recap-23.png]
[doodlemaker.com/go/images/recap-24.png]
[doodlemaker.com/go/images/recap-25.png]
[doodlemaker.com/go/images/certificate.png]
[doodlemaker.com/go/images/cross_03.png]
[doodlemaker.com/go/images/DMS_5_07.png]
[doodlemaker.com/go/images/DMS_5_08.png]
[doodlemaker.com/go/images/gurrantee_03.png]
[doodlemaker.com/go/images/DMS_5_23.png]
[doodlemaker.com/go/images/DMS_5_26.png]
[doodlemaker.com/go/images/commercial-img-04.png]
[doodlemaker.com/go/images/commercial-img-05.png]
[doodlemaker.com/go/images/meet-img-01.png]
[doodlemaker.com/go/images/meet-img_03.png]
[doodlemaker.com/go/images/footer-logo_03.png]
[doodlemaker.com/go/index.html]
[maxcdn.bootstrapcdn.com/font-awesome/4.6.3/css/font-awesome.min.css]
[doodlemaker.com/go/fonts/Proxima-Nova-Bold.otf]
[doodlemaker.com/go/fonts/ProximaNova-Regular.otf]
[doodlemaker.com/go/fonts/Proxima-Nova-Alt-Light.otf]
[doodlemaker.com/go/fonts/CircularStd-Bold.ttf]
[doodlemaker.com/go/fonts/CircularStd-Book.ttf]
[doodlemaker.com/go/fonts/CircularStd-Black.ttf]
[doodlemaker.com/go/fonts/CircularStd-Medium.ttf]
[doodlemaker.com/go/fonts/Montserrat-Regular.otf]
[doodlemaker.com/go/fonts/KGBrokenVesselsSketch.ttf]
[doodlemaker.com/go/fonts/CircularStd-BookItalic.ttf]
[doodlemaker.com/go/images/pencil-logo-circle.png]
[doodlemaker.com/go/images/DMS_28_03.png]
[doodlemaker.com/go/images/compare-icon2.png]
[doodlemaker.com/go/images/guarantee-head-01.png]
[doodlemaker.com/go/images/DMS_27_03.png]
[doodlemaker.com/go/images/compare-icon1.png]
[doodlemaker.com/go/images/dms-p-img.png]
[doodlemaker.com/go/images/dms-arrow.png]
[doodlemaker.com/go/images/DMS_3_03.png]
[doodlemaker.com/go/images/powered-img.png]
[doodlemaker.com/go/images/yellow-img-cilcle.png]
[doodlemaker.com/go/images/blue-img-cilcle.png]
[doodlemaker.com/go/images/professional-img.png]
[doodlemaker.com/go/images/move-angle.png]
[doodlemaker.com/go/images/red.png]
[doodlemaker.com/go/images/orange.png]
[doodlemaker.com/go/images/green.png]
[doodlemaker.com/go/images/dit-line-2.png]
[doodlemaker.com/go/images/dit-line-1.png]
[doodlemaker.com/go/images/step-bck-img.png]
[doodlemaker.com/go/images/testimonial-img.jpg]
[doodlemaker.com/go/images/mail-icon.png]
[doodlemaker.com/go/images/rocket imgh.png]
[doodlemaker.com/go/images/world-class-brdr.png]
[doodlemaker.com/go/images/leading-brdr.png]
[doodlemaker.com/go/images/pencil_06.png]
[doodlemaker.com/go/images/300-brdr-img_03.png]
[doodlemaker.com/go/images/laptop-small-icon-img_06.jpg]
[doodlemaker.com/go/images/blue-brdr-img_03.png]
[doodlemaker.com/go/images/syn-img.png]
[doodlemaker.com/go/images/dot-angle-arrow-1.png]
[doodlemaker.com/go/images/dot-angle-arrow-2.png]
[doodlemaker.com/go/images/dot-angle-arrow-3.png]
[doodlemaker.com/go/images/dot-angle-arrow-4.png]
[doodlemaker.com/go/images/dot-angle-arrow-5.png]
[doodlemaker.com/go/images/recap-evry-main-img.png]
[doodlemaker.com/go/images/recap-brdr-btm_07.png]
[doodlemaker.com/go/images/commercail-brdr-img_03.png]
[doodlemaker.com/go/images/zig-zag-arrow.png]
[doodlemaker.com/go/images/blue-zig-zag-img.png]
[doodlemaker.com/go/images/yellow-zig-zag-img.png]
[doodlemaker.com/go/images/blue-circle.png]
[doodlemaker.com/go/images/yellow-circle.png]
[doodlemaker.com/go/images/certificate-brdr-img.png]
[doodlemaker.com/go/images/spending-img.png]
[doodlemaker.com/go/images/balance-sheet-img.jpg]
[doodlemaker.com/go/images/balannce-sheet-img-brdr_03.png]
[doodlemaker.com/go/images/yes-green-brdr_03.png]
[doodlemaker.com/go/images/rocket-img-brdr_03.png]
[doodlemaker.com/go/images/doodle-app-brdr_03.png]
[doodlemaker.com/go/images/balance-sheet-brdr-arrow_03.png]
[doodlemaker.com/go/images/DMS_5_05.png]
[doodlemaker.com/go/images/DMS_5_11.png]
[doodlemaker.com/go/images/thumb-img.png]
[doodlemaker.com/go/images/DMS_5_10.png]
[doodlemaker.com/go/images/DMS_5_12.png]
[doodlemaker.com/go/images/p1.png]
[doodlemaker.com/go/images/value-brder-bck_07.png]
[doodlemaker.com/go/images/b1.png]
[doodlemaker.com/go/images/p2.png]
[doodlemaker.com/go/images/p3.png]
[doodlemaker.com/go/images/p4.png]
[doodlemaker.com/go/images/b2.png]
[doodlemaker.com/go/images/b3.png]
[doodlemaker.com/go/images/b4.png]
[doodlemaker.com/go/images/banner-main-img-1.png]
[doodlemaker.com/go/images/hdng-bk-long_03.png]
[doodlemaker.com/go/images/hdng-bk-short_03.png]
[doodlemaker.com/go/images/btn-bg_03.png]
[doodlemaker.com/go/images/amplify-img.png]
[doodlemaker.com/go/images/doted-2_03.png]
[doodlemaker.com/go/images/DM-doted_03.png]
[doodlemaker.com/go/images/DMS_1bkgnew_02.png]
[doodlemaker.com/go/images/DMSblue_03.png]
[doodlemaker.com/go/images/botm-brdr_03.png]
[doodlemaker.com/go/images/bk-red_03.png]
[doodlemaker.com/go/images/intro-bkg_02.png]
[doodlemaker.com/go/images/unfortunantly-img.png]
[doodlemaker.com/go/images/intro-green-brdr.png]
[doodlemaker.com/go/images/DMS_1166_02.png]
[doodlemaker.com/go/images/doted_03.png]
[doodlemaker.com/go/images/DMS_1169_02.png]
[doodlemaker.com/go/images/DMS_39_01_03.png]
[doodlemaker.com/go/images/portfolio-img_02.png]
[doodlemaker.com/go/images/DMS_140_03.png]
[doodlemaker.com/go/images/w-brdr-dot_03.png]
[doodlemaker.com/go/images/DMS_160_02.png]
[doodlemaker.com/go/images/one-plate-brdr-main.png]
[doodlemaker.com/go/images/moon-1.png]
[doodlemaker.com/go/images/moon-2.png]
[doodlemaker.com/go/images/globe-img.png]
[doodlemaker.com/go/images/DMS_22_03.png]
[doodlemaker.com/go/images/DMS_159_02.png]
[doodlemaker.com/go/images/mkjuf_02.png]
[doodlemaker.com/go/images/get-access-left.png]
[doodlemaker.com/go/images/get-access-right.png]
[doodlemaker.com/go/images/DMS_5_02.png]
[doodlemaker.com/go/images/DMS_5_04.png]
[doodlemaker.com/go/images/DMS_5_09.png]
[doodlemaker.com/go/images/catch-bg-01.png]
[doodlemaker.com/go/images/guarantee-bg_03.png]
[doodlemaker.com/go/images/seller-img-02.png]
[doodlemaker.com/go/images/include-icon-06.png]
[doodlemaker.com/go/images/include-icon-07.png]
[doodlemaker.com/go/images/meet-bg_02.png]
[doodlemaker.com/go/images/DMS_5_31.png]
[doodlemaker.com/go/images/asked-img_03.png]
[doodlemaker.com/go/images/footer-bg_02.png]
[doodlemaker.com/go/images/asked-bg_02.png]
[doodlemaker.com/go/images/claim.png]
[doodlemaker.com/go/stylev2.css]
[doodlemaker.com/oribili.106.delayed]
[snap.licdn.com/li.lms-analytics/insight.min.js]
[doodlemaker.com/signals/iwl.10b.delayed]
[connect.facebook.net/en_US/fbevents.js]
[maxcdn.bootstrapcdn.com/font-awesome/4.6.3/css/font-awesome.min.css]
[doodlemaker.com/oribili.html]
[doodlemaker.com/go/schema.org/index.html]
[doodlemaker.com/signals/iwl.html]
